Calculating task graph as configuration cache cannot be reused because the file system entry '.env' has been removed.
> Task :app:preBuild UP-TO-DATE
> Task :app:preDebugBuild UP-TO-DATE
> Task :app:generateDebugAssets UP-TO-DATE
> Task :app:mergeDebugNativeDebugMetadata NO-SOURCE
> Task :app:generateDebugResources UP-TO-DATE
> Task :app:javaPreCompileDebug UP-TO-DATE
> Task :app:packageDebugResources UP-TO-DATE
> Task :app:generateDebugBuildConfig
> Task :app:checkDebugDuplicateClasses UP-TO-DATE
> Task :app:desugarDebugFileDependencies UP-TO-DATE
> Task :app:mergeDebugAssets UP-TO-DATE
> Task :app:compressDebugAssets UP-TO-DATE
> Task :app:mergeLibDexDebug UP-TO-DATE
> Task :app:mergeExtDexDebug UP-TO-DATE
> Task :app:checkDebugAarMetadata UP-TO-DATE
> Task :app:mapDebugSourceSetPaths UP-TO-DATE
> Task :app:processDebugNavigationResources
> Task :app:createDebugCompatibleScreenManifests UP-TO-DATE
> Task :app:parseDebugLocalResources UP-TO-DATE
> Task :app:compileDebugNavigationResources UP-TO-DATE
> Task :app:generateDebugRFile UP-TO-DATE
> Task :app:extractDeepLinksDebug
> Task :app:mergeDebugJniLibFolders UP-TO-DATE
> Task :app:mergeDebugNativeLibs UP-TO-DATE
> Task :app:stripDebugDebugSymbols UP-TO-DATE
> Task :app:validateSigningDebug UP-TO-DATE
> Task :app:writeDebugAppMetadata UP-TO-DATE
> Task :app:writeDebugSigningConfigVersions UP-TO-DATE
> Task :app:mergeDebugResources UP-TO-DATE
> Task :app:processDebugMainManifest
> Task :app:processDebugManifest UP-TO-DATE
> Task :app:processDebugManifestForPackage UP-TO-DATE
> Task :app:processDebugResources UP-TO-DATE
> Task :app:kspDebugKotlin

> Task :app:compileDebugKotlin FAILED
e: file:///app/applet/app/src/main/java/com/example/ui/screens/ReaderScreen.kt:2:30 Unresolved reference 'ResponsiveStage'.
e: file:///app/applet/app/src/main/java/com/example/ui/screens/ReaderScreen.kt:2011:104 Unresolved reference 'ResponsiveStage'.
e: file:///app/applet/app/src/main/java/com/example/ui/screens/ReaderScreen.kt:2011:129 Argument type mismatch: actual type is 'Int', but 'Dp' was expected.
e: file:///app/applet/app/src/main/java/com/example/ui/screens/ReaderScreen.kt:2011:134 Argument type mismatch: actual type is 'Int', but 'Dp' was expected.
e: file:///app/applet/app/src/main/java/com/example/ui/screens/ReaderScreen.kt:2011:139 Argument type mismatch: actual type is 'Boolean', but 'HudState' was expected.
e: file:///app/applet/app/src/main/java/com/example/ui/screens/ReaderScreen.kt:2011:146 No value passed for parameter 'showSidePanels'.
e: file:///app/applet/app/src/main/java/com/example/ui/screens/ReaderScreen.kt:2011:146 No value passed for parameter 'showConductor'.
e: file:///app/applet/app/src/main/java/com/example/ui/screens/ReaderScreen.kt:2011:146 No value passed for parameter 'showCompanion'.
e: file:///app/applet/app/src/main/java/com/example/ui/screens/ReaderScreen.kt:2011:146 No value passed for parameter 'showGuidance'.
e: file:///app/applet/app/src/main/java/com/example/ui/screens/ReaderScreen.kt:2011:146 No value passed for parameter 'showTimeline'.

FAILURE: Build failed with an exception.

* What went wrong:
Execution failed for task ':app:compileDebugKotlin'.
> A failure occurred while executing org.jetbrains.kotlin.compilerRunner.GradleCompilerRunnerWithWorkers$GradleKotlinCompilerWorkAction
   > Compilation error. See log for more details

* Try:
> Run with --stacktrace option to get the stack trace.
> Run with --info or --debug option to get more log output.
> Run with --scan to get full insights from a Build Scan (powered by Develocity).
> Get more help at https://help.gradle.org.

BUILD FAILED in 42s
31 actionable tasks: 6 executed, 25 up-to-date
Configuration cache entry stored.
